Skipping image OS validation for hb__1850eeff09c74cf8902e96eb445c7714: docker inspect returned 1
Collecting main service artifacts
Failed to download artifact '/app/extract.py' from service 'main' (best-effort)
Traceback (most recent call last):
  File "/root/.cache/uv/archive-v0/raICYwY2G6AjeDMz/lib/python3.12/site-packages/harbor/trial/artifact_handler.py", line 330, in _download_artifact
    await source_env.service_download_file(
  File "/root/.cache/uv/archive-v0/raICYwY2G6AjeDMz/lib/python3.12/site-packages/harbor/environments/docker/docker.py", line 1025, in service_download_file
    await self.download_file(source_path, target_path)
  File "/root/.cache/uv/archive-v0/raICYwY2G6AjeDMz/lib/python3.12/site-packages/harbor/environments/docker/docker.py", line 1010, in download_file
    await self._platform.download_file(source_path, target_path)
  File "/root/.cache/uv/archive-v0/raICYwY2G6AjeDMz/lib/python3.12/site-packages/harbor/environments/docker/docker_unix.py", line 185, in download_file
    await self._env._run_docker_compose_command(
  File "/root/.cache/uv/archive-v0/raICYwY2G6AjeDMz/lib/python3.12/site-packages/harbor/environments/docker/docker.py", line 631, in _run_docker_compose_command
    raise RuntimeError(
RuntimeError: Docker compose command failed for environment hardware-schedule-extraction. Command: docker compose --project-name hardware-schedule-extraction__ecutcm9__env --project-directory /root/tasks/hardware-schedule-extraction/environment -f /tmp/tmpo__xw_2l/hardware-schedule-extraction__eCUTCm9__env-docker-compose-resources.json -f /root/.cache/uv/archive-v0/raICYwY2G6AjeDMz/lib/python3.12/site-packages/harbor/environments/docker/docker-compose-build.yaml -f /tmp/tmp0tzcvkbl/docker-compose-mounts.json cp main:/app/extract.py harbor-output/final095-nop/hardware-schedule-extraction__eCUTCm9/artifacts/app/extract.py. Return code: 1. Stdout:  hardware-schedule-extraction__ecutcm9__env-main-1 Copying hardware-schedule-extraction__ecutcm9__env-main-1:/app/extract.py to harbor-output/final095-nop/hardware-schedule-extraction__eCUTCm9/artifacts/app/extract.py
Error response from daemon: Could not find the file /app/extract.py in container b56403bb47b3dc6b577f9f7979af190839f4546f777bdef8789d7cf9c3fef12e
. Stderr: None. 
Failed to download artifact '/app/output.json' from service 'main' (best-effort)
Traceback (most recent call last):
  File "/root/.cache/uv/archive-v0/raICYwY2G6AjeDMz/lib/python3.12/site-packages/harbor/trial/artifact_handler.py", line 330, in _download_artifact
    await source_env.service_download_file(
  File "/root/.cache/uv/archive-v0/raICYwY2G6AjeDMz/lib/python3.12/site-packages/harbor/environments/docker/docker.py", line 1025, in service_download_file
    await self.download_file(source_path, target_path)
  File "/root/.cache/uv/archive-v0/raICYwY2G6AjeDMz/lib/python3.12/site-packages/harbor/environments/docker/docker.py", line 1010, in download_file
    await self._platform.download_file(source_path, target_path)
  File "/root/.cache/uv/archive-v0/raICYwY2G6AjeDMz/lib/python3.12/site-packages/harbor/environments/docker/docker_unix.py", line 185, in download_file
    await self._env._run_docker_compose_command(
  File "/root/.cache/uv/archive-v0/raICYwY2G6AjeDMz/lib/python3.12/site-packages/harbor/environments/docker/docker.py", line 631, in _run_docker_compose_command
    raise RuntimeError(
RuntimeError: Docker compose command failed for environment hardware-schedule-extraction. Command: docker compose --project-name hardware-schedule-extraction__ecutcm9__env --project-directory /root/tasks/hardware-schedule-extraction/environment -f /tmp/tmpo__xw_2l/hardware-schedule-extraction__eCUTCm9__env-docker-compose-resources.json -f /root/.cache/uv/archive-v0/raICYwY2G6AjeDMz/lib/python3.12/site-packages/harbor/environments/docker/docker-compose-build.yaml -f /tmp/tmp0tzcvkbl/docker-compose-mounts.json cp main:/app/output.json harbor-output/final095-nop/hardware-schedule-extraction__eCUTCm9/artifacts/app/output.json. Return code: 1. Stdout:  hardware-schedule-extraction__ecutcm9__env-main-1 Copying hardware-schedule-extraction__ecutcm9__env-main-1:/app/output.json to harbor-output/final095-nop/hardware-schedule-extraction__eCUTCm9/artifacts/app/output.json
Error response from daemon: Could not find the file /app/output.json in container b56403bb47b3dc6b577f9f7979af190839f4546f777bdef8789d7cf9c3fef12e
. Stderr: None. 
Skipping image OS validation for hb__252584ad68298c0a643a471ca09c11bc: docker inspect returned 1
